---
source: crates/locus-cli/tests/governance_compat.rs
expression: "format!(\"STDOUT:\\n{stdout}\\nSTDERR:\\n{stderr}\")"
---
STDOUT:
error[OT002]: `sample_crate::shadow::UserModel` is concept-shaped but not accepted as canonical or boundary
  --> <FIXTURE>/src/shadow.rs:4
  concept: user
  - overlaps 100% with `User` (canonical for `user`)
  - name shares stem `User`
  - name suffix `Model`
  - field overlap with `User`: 100%
  fix: annotate as boundary: `// locus: ot boundary user <boundary-name>` above `UserModel`, or remove and use `sample_crate::identity::User` directly

info[LOCUS002]: paradigm TA (Test Architecture Ownership) has no definitions; rules cannot fire until you declare its concepts
  --> locus.lock:1
  concept: TA
  - `paradigms.TA.test_paths` is empty — module patterns identifying test code (e.g. `*::tests::*`, `tests::*`)
  - vacant-by-definition: rules under TA cannot fire until at least one declaration list is populated
  fix: populate `paradigms.TA` in `locus.lock` (use the matching `locus ta ...` mutators, or hand-edit), or add `"TA"` to `acknowledged_empty` in `locus.lock` to silence this paradigm

info[LOCUS002]: paradigm UT (Utility / Shared Module Discipline) has no definitions; rules cannot fire until you declare its concepts
  --> locus.lock:1
  concept: UT
  - `paradigms.UT.utility_paths` is empty — module patterns identifying utility / helper modules
  - `paradigms.UT.generic_utility_patterns` is empty — module-name patterns flagging generic-utility naming (UT003)
  - vacant-by-definition: rules under UT cannot fire until at least one declaration list is populated
  fix: populate `paradigms.UT` in `locus.lock` (use the matching `locus ut ...` mutators, or hand-edit), or add `"UT"` to `acknowledged_empty` in `locus.lock` to silence this paradigm

error[PG003]: new exempt path `*::test::*` in `paradigms.CX.exempt_paths`
  --> locus.lock:1
  - exemption silences the rule entirely for matching modules; prefer narrowing the rule via overrides with debt metadata, or fixing the underlying code
  fix: if this is a deliberate calibration, re-run `locus check` with `--allow-policy-calibration`. The exempt-paths schema will gain debt metadata in a follow-up; until then exemptions are visible additions.

error[PG007]: new exempt path `*::test::*` in `paradigms.CX.exempt_paths` lacks debt metadata (reason, expires, owner)
  --> locus.lock:1
  - an exempt-path silences a rule for matching modules; without `reason` / `expires` / `owner` it becomes invisible debt
  - missing field(s): reason, expires, owner
  - PG007 is unaffected by `--allow-policy-calibration`: calibration accepts the addition itself (PG003), but does not waive the requirement to record why, when to revisit, and who owns it
  fix: populate `reason` (why this exemption exists), `expires` (`YYYY-MM-DD` review date), and `owner` (team/individual). Use the struct form: `{"pattern": "…", "reason": "…", "expires": "YYYY-MM-DD", "owner": "…"}`.

summary: 3 error(s), 0 warning(s), 2 advisory.

STDERR:
