---
source: crates/locus-cli/tests/governance_compat.rs
expression: "format!(\"STDOUT:\\n{stdout}\\nSTDERR:\\n{stderr}\")"
---
STDOUT:
error[OT002]: `sample_crate::shadow::UserModel` is concept-shaped but not accepted as canonical or boundary
  --> <FIXTURE>/src/shadow.rs:4
  concept: user
  - overlaps 100% with `User` (canonical for `user`)
  - name shares stem `User`
  - name suffix `Model`
  - field overlap with `User`: 100%
  fix: annotate as boundary: `// locus: ot boundary user <boundary-name>` above `UserModel`, or remove and use `sample_crate::identity::User` directly

info[LOCUS002]: paradigm CF (Config/Data Ownership) has no definitions; rules cannot fire until you declare its concepts
  --> locus.lock:1
  concept: CF
  - `paradigms.CF.config_paths` is empty — module patterns identifying the config layer (where env reads / decision constants legitimately live)
  - vacant-by-definition: rules under CF cannot fire until at least one declaration list is populated
  fix: populate `paradigms.CF` in `locus.lock` (use the matching `locus cf ...` mutators, or hand-edit), or add `"CF"` to `acknowledged_empty` in `locus.lock` to silence this paradigm

info[LOCUS002]: paradigm DA (Demand-Driven Architecture) has no definitions; rules cannot fire until you declare its concepts
  --> locus.lock:1
  concept: DA
  - `paradigms.DA.enabled` is empty — master switch — set to `true` to opt in to DA001/002/007
  - vacant-by-definition: rules under DA cannot fire until at least one declaration list is populated
  fix: populate `paradigms.DA` in `locus.lock` (use the matching `locus da ...` mutators, or hand-edit), or add `"DA"` to `acknowledged_empty` in `locus.lock` to silence this paradigm

info[LOCUS002]: paradigm FO (Feature Ownership) has no definitions; rules cannot fire until you declare its concepts
  --> locus.lock:1
  concept: FO
  - `paradigms.FO.features` is empty — named feature regions (`name` + `module` pattern)
  - `paradigms.FO.shared_paths` is empty — module patterns identifying shared cross-feature regions (FO004)
  - vacant-by-definition: rules under FO cannot fire until at least one declaration list is populated
  fix: populate `paradigms.FO` in `locus.lock` (use the matching `locus fo ...` mutators, or hand-edit), or add `"FO"` to `acknowledged_empty` in `locus.lock` to silence this paradigm

info[LOCUS002]: paradigm RM (Responsibility Mixing) has no definitions; rules cannot fire until you declare its concepts
  --> locus.lock:1
  concept: RM
  - `paradigms.RM.default_max_action_kinds` is empty — per-function cap on distinct action kinds (RM001)
  - `paradigms.RM.converter_paths` is empty — module patterns for converter modules (RM002)
  - `paradigms.RM.handler_paths` is empty — module patterns for orchestration handlers (RM003)
  - `paradigms.RM.repository_paths` is empty — module patterns for repository modules (RM004)
  - `paradigms.RM.validator_paths` is empty — module patterns for validator modules (RM005)
  - `paradigms.RM.domain_paths_rm` is empty — module patterns for domain types (RM006)
  - vacant-by-definition: rules under RM cannot fire until at least one declaration list is populated
  fix: populate `paradigms.RM` in `locus.lock` (use the matching `locus rm ...` mutators, or hand-edit), or add `"RM"` to `acknowledged_empty` in `locus.lock` to silence this paradigm

info[LOCUS002]: paradigm RW (Runtime Work Ownership) has no definitions; rules cannot fire until you declare its concepts
  --> locus.lock:1
  concept: RW
  - `paradigms.RW.runtime_owner_paths` is empty — module patterns identifying runtime owners (job queues, supervisors, runtime entry points)
  - vacant-by-definition: rules under RW cannot fire until at least one declaration list is populated
  fix: populate `paradigms.RW` in `locus.lock` (use the matching `locus rw ...` mutators, or hand-edit), or add `"RW"` to `acknowledged_empty` in `locus.lock` to silence this paradigm

info[LOCUS002]: paradigm TA (Test Architecture Ownership) has no definitions; rules cannot fire until you declare its concepts
  --> locus.lock:1
  concept: TA
  - `paradigms.TA.test_paths` is empty — module patterns identifying test code (e.g. `*::tests::*`, `tests::*`)
  - vacant-by-definition: rules under TA cannot fire until at least one declaration list is populated
  fix: populate `paradigms.TA` in `locus.lock` (use the matching `locus ta ...` mutators, or hand-edit), or add `"TA"` to `acknowledged_empty` in `locus.lock` to silence this paradigm

info[LOCUS002]: paradigm UT (Utility / Shared Module Discipline) has no definitions; rules cannot fire until you declare its concepts
  --> locus.lock:1
  concept: UT
  - `paradigms.UT.utility_paths` is empty — module patterns identifying utility / helper modules
  - `paradigms.UT.generic_utility_patterns` is empty — module-name patterns flagging generic-utility naming (UT003)
  - vacant-by-definition: rules under UT cannot fire until at least one declaration list is populated
  fix: populate `paradigms.UT` in `locus.lock` (use the matching `locus ut ...` mutators, or hand-edit), or add `"UT"` to `acknowledged_empty` in `locus.lock` to silence this paradigm

error[PG003]: new exempt path `*::test::*` in `paradigms.CX.exempt_paths`
  --> locus.lock:1
  - exemption silences the rule entirely for matching modules; prefer narrowing the rule via overrides with debt metadata, or fixing the underlying code
  fix: if this is a deliberate calibration, re-run `locus check` with `--allow-policy-calibration`. The exempt-paths schema will gain debt metadata in a follow-up; until then exemptions are visible additions.

error[PG007]: new exempt path `*::test::*` in `paradigms.CX.exempt_paths` lacks debt metadata (reason, expires, owner)
  --> locus.lock:1
  - an exempt-path silences a rule for matching modules; without `reason` / `expires` / `owner` it becomes invisible debt
  - missing field(s): reason, expires, owner
  - PG007 is unaffected by `--allow-policy-calibration`: calibration accepts the addition itself (PG003), but does not waive the requirement to record why, when to revisit, and who owns it
  fix: populate `reason` (why this exemption exists), `expires` (`YYYY-MM-DD` review date), and `owner` (team/individual). Use the struct form: `{"pattern": "…", "reason": "…", "expires": "YYYY-MM-DD", "owner": "…"}`.

summary: 3 error(s), 0 warning(s), 7 advisory.

STDERR:
